C51 COMPILER V9.00   DRV_GPIO                                                              05/13/2019 23:01:21 PAGE 1   


C51 COMPILER V9.00, COMPILATION OF MODULE DRV_GPIO
OBJECT MODULE PLACED IN ..\output\drv_gpio.obj
COMPILER INVOKED BY: D:\Keil\C51\C51\BIN\C51.EXE ..\source\driver\drv_gpio.c OPTIMIZE(2,SPEED) BROWSE INCDIR(..\source\a
                    -pp;..\source\complex_driver;..\source\driver;..\source\hal) DEBUG OBJECTEXTEND PRINT(.\drv_gpio.lst) OBJECT(..\output\dr
                    -v_gpio.obj)

line level    source

   1          
   2          
   3          #include "drv_gpio.h"
   4          
   5          
   6          
   7          
   8          static const gpioConfig_t code gpioConfigArry[EN_ALL_GPIO_COUNTER] = {
   9                  D_USED_GPIO_CONFIG
  10          };
  11          
  12          
  13          
  14          
  15          
  16          uint8_t DrvSingleGpioIn(portGroup_t group, gpioBit_t bits)
  17          {
  18   1              uint8_t inTtl = 0;
  19   1              
  20   1              switch (group)
  21   1              {
  22   2                      case EN_PORT_0:
  23   2                              if ( 0 != ( P0 & (0x01 << bits) ) )
  24   2                              {
  25   3                                      inTtl = 1;
  26   3                              }
  27   2                              break;
  28   2                              
  29   2                      case EN_PORT_1:
  30   2                              
  31   2                              if ( 0 != ( P1 & (0x01 << bits) ) )
  32   2                              {
  33   3                                      inTtl = 1;
  34   3                              }
  35   2                              
  36   2                              break;
  37   2                              
  38   2                      case EN_PORT_2:
  39   2                              
  40   2                              if ( 0 != ( P2 & (0x01 << bits) ) )
  41   2                              {
  42   3                                      inTtl = 1;
  43   3                              }
  44   2                              
  45   2                              break;
  46   2                              
  47   2                      case EN_PORT_3:
  48   2                              
  49   2                              if ( 0 != ( P3 & (0x01 << bits) ) )
  50   2                              {
  51   3                                      inTtl = 1;
  52   3                              }
  53   2                              
C51 COMPILER V9.00   DRV_GPIO                                                              05/13/2019 23:01:21 PAGE 2   

  54   2                              break;
  55   2                              
  56   2                      default:
  57   2                              break;
  58   2              }
  59   1              return inTtl;
  60   1      }
  61          
  62          uint8_t DrvGroupGpioIn(portGroup_t group)
  63          {
  64   1              uint8_t inTtl = 0;
  65   1              
  66   1              switch (group)
  67   1              {
  68   2                      case EN_PORT_0:
  69   2                              inTtl = P0;
  70   2                              break;
  71   2                              
  72   2                      case EN_PORT_1:
  73   2                              inTtl = P1;
  74   2                              
  75   2                              break;
  76   2                              
  77   2                      case EN_PORT_2:
  78   2                              inTtl = P2;
  79   2                              
  80   2                              break;
  81   2                              
  82   2                      case EN_PORT_3:
  83   2                              inTtl = P3;
  84   2                              
  85   2                              break;
  86   2                              
  87   2                      default:
  88   2                              break;
  89   2              }
  90   1              return inTtl;
  91   1      }
  92          
  93          void DrvSingleGpioOut(portGroup_t group, gpioBit_t bits, uint8_t sig)
  94          {
  95   1              switch (group)
  96   1              {
  97   2                      case EN_PORT_0:
  98   2                              if (sig == 0)
  99   2                              {
 100   3                                      D_BYTE_CLR_BITS(P0,bits);
 101   3                              }
 102   2                              else
 103   2                              {
 104   3                                      D_BYTE_SET_BITS(P0,bits);
 105   3                              }
 106   2                              break;
 107   2                              
 108   2                      case EN_PORT_1:
 109   2                              if (sig == 0)
 110   2                              {
 111   3                                      D_BYTE_CLR_BITS(P1,bits);
 112   3                              }
 113   2                              else
 114   2                              {
 115   3                                      D_BYTE_SET_BITS(P1,bits);
C51 COMPILER V9.00   DRV_GPIO                                                              05/13/2019 23:01:21 PAGE 3   

 116   3                              }
 117   2                              break;
 118   2                              
 119   2                      case EN_PORT_2:
 120   2                              if (sig == 0)
 121   2                              {
 122   3                                      D_BYTE_CLR_BITS(P2,bits);
 123   3                              }
 124   2                              else
 125   2                              {
 126   3                                      D_BYTE_SET_BITS(P2,bits);
 127   3                              }
 128   2                              break;
 129   2                              
 130   2                      case EN_PORT_3:
 131   2                              if (sig == 0)
 132   2                              {
 133   3                                      D_BYTE_CLR_BITS(P3,bits);
 134   3                              }
 135   2                              else
 136   2                              {
 137   3                                      D_BYTE_SET_BITS(P3,bits);
 138   3                              }
 139   2                              break;
 140   2                              
 141   2                      default:
 142   2                              break;
 143   2              }
 144   1      }
 145          
 146          void DrvGroupGpioOut(portGroup_t group, uint8_t sig)
 147          {
 148   1              
 149   1              switch (group)
 150   1              {
 151   2                      case EN_PORT_0:
 152   2                              P0 = sig;
 153   2                              break;
 154   2                              
 155   2                      case EN_PORT_1:
 156   2                              P1 = sig;
 157   2                              break;
 158   2                              
 159   2                      case EN_PORT_2:
 160   2                              P2 = sig;
 161   2                              break;
 162   2                              
 163   2                      case EN_PORT_3:
 164   2                              P3 = sig;
 165   2                              break;
 166   2                              
 167   2                      default:
 168   2                              break;
 169   2              }
 170   1      }
 171          
 172          void DrvNameOut(gpioName_t name, uint8_t sig)
 173          {
 174   1      
 175   1              if (gpioConfigArry[(uint8_t)name].gpioBit != EN_BIT_ALL)
 176   1              {
 177   2                      DrvSingleGpioOut(gpioConfigArry[(uint8_t)name].portGroup, gpioConfigArry[(uint8_t)name].gpioBit, sig);
C51 COMPILER V9.00   DRV_GPIO                                                              05/13/2019 23:01:21 PAGE 4   

 178   2              }
 179   1              else
 180   1              {
 181   2                      DrvGroupGpioOut(gpioConfigArry[(uint8_t)name].portGroup, sig);
 182   2              }
 183   1      }
 184          
 185          uint8_t DrvNameIn(gpioName_t name)
 186          {
 187   1              uint8_t inTtl = 0;
 188   1              
 189   1              if (gpioConfigArry[(uint8_t)name].gpioBit != EN_BIT_ALL)
 190   1              {
 191   2                      inTtl = DrvSingleGpioIn(gpioConfigArry[(uint8_t)name].portGroup, gpioConfigArry[(uint8_t)name].gpioBit);
 192   2              }
 193   1              else
 194   1              {
 195   2                      inTtl = DrvGroupGpioIn(gpioConfigArry[(uint8_t)name].portGroup);
 196   2              }
 197   1      
 198   1              return inTtl;
 199   1      }
 200          
 201          
 202          


MODULE INFORMATION:   STATIC OVERLAYABLE
   CODE SIZE        =    666    ----
   CONSTANT SIZE    =     24    ----
   XDATA SIZE       =   ----    ----
   PDATA SIZE       =   ----    ----
   DATA SIZE        =   ----      14
   IDATA SIZE       =   ----    ----
   BIT SIZE         =   ----    ----
END OF MODULE INFORMATION.


C51 COMPILATION COMPLETE.  0 WARNING(S),  0 ERROR(S)
