C51 COMPILER V9.00   MAIN                                                                  05/13/2019 21:05:42 PAGE 1   


C51 COMPILER V9.00, COMPILATION OF MODULE MAIN
OBJECT MODULE PLACED IN ..\output\main.obj
COMPILER INVOKED BY: D:\Keil\C51\C51\BIN\C51.EXE ..\source\app\main.c BROWSE INCDIR(..\source\app;..\source\complex_driv
                    -er;..\source\driver;..\source\hal) DEBUG OBJECTEXTEND PRINT(.\main.lst) OBJECT(..\output\main.obj)

line level    source

   1          /*
   2                  万年历 —— V1.6
   3                  基于V1.5版本
   4                  引入全新架构
   5          */
   6          
   7          #include "main.h"
   8          #include "hal_paltform.h"
   9          #include "hal_gpio.h"
  10          #include "hal_timer.h"
  11          #include "hal_display.h"
  12          #include "hal_calendar.h"
  13          
  14          
  15          static volatile uint32_t sysTim = 0;
  16          static bool_t ioCtrl = 0;
  17          
  18          void main()
  19          {
  20   1      
  21   1              bool_t sta = D_SYSTEM_ENTER_CRITICAL();
  22   1              HalDisplayInit();
  23   1              HalCalendarInit();
  24   1              HalSysTimerInit();
  25   1              D_SYSTEM_EXIT_CRITICAL(sta);
  26   1              
  27   1              sysTim = HalGetCurSysTimerCnt();
  28   1      
  29   1              while(1)
  30   1              {
  31   2                      if (HalDiffTimerCnt(sysTim) >= (uint32_t)D_SYS_TIME_100MS)
  32   2                      {
  33   3                              sysTim = HalGetCurSysTimerCnt();
  34   3                              HalFlashCalendar();
  35   3                              HalDebugIOCtrl(ioCtrl);
  36   3                              ioCtrl = (ioCtrl == 0)?(1):(0);
  37   3                      }
  38   2                      HalUpdateSysTime();
  39   2              }
  40   1      }
  41          
  42          
  43          


MODULE INFORMATION:   STATIC OVERLAYABLE
   CODE SIZE        =     89    ----
   CONSTANT SIZE    =   ----    ----
   XDATA SIZE       =   ----    ----
   PDATA SIZE       =   ----    ----
   DATA SIZE        =      5       1
   IDATA SIZE       =   ----    ----
   BIT SIZE         =   ----    ----
END OF MODULE INFORMATION.

C51 COMPILER V9.00   MAIN                                                                  05/13/2019 21:05:42 PAGE 2   


C51 COMPILATION COMPLETE.  0 WARNING(S),  0 ERROR(S)
