C51 COMPILER V9.00   HAL_TIMER                                                             06/29/2019 16:01:32 PAGE 1   


C51 COMPILER V9.00, COMPILATION OF MODULE HAL_TIMER
OBJECT MODULE PLACED IN ..\output\hal_timer.obj
COMPILER INVOKED BY: D:\Keil\C51\C51\BIN\C51.EXE ..\source\hal\hal_timer.c OPTIMIZE(2,SPEED) BROWSE INCDIR(..\source\app
                    -;..\source\driver;..\source\hal) DEBUG OBJECTEXTEND PRINT(.\hal_timer.lst) OBJECT(..\output\hal_timer.obj)

line level    source

   1          
   2          
   3          #include "hal_timer.h"
   4          
   5          #ifdef D_USE_ONEMS_INTRRUPET_MODE
   6          
   7          static volatile uint32_t halSysTimerOverflowCnt = 0;
   8          
   9          
  10          
  11          
  12          void Hal_SysTimerInit(void)
  13          {
  14   1              Drv_SysTimerInit();
  15   1      }
  16          
  17          uint32_t Hal_GetCurSysTimerCnt(void)
  18          {
  19   1              uint32_t cnt = 0;
  20   1              D_DRV_DISABLE_SYSTIME_INT();
  21   1              
  22   1              cnt = halSysTimerOverflowCnt;
  23   1              D_DRV_ENABLE_SYSTIME_INT();
  24   1      
  25   1              return cnt;
  26   1      }
  27          
  28          uint32_t Hal_DiffTimerCnt(uint32_t last)
  29          {
  30   1              uint32_t tim = Hal_GetCurSysTimerCnt();
  31   1      
  32   1              if (tim >= last)
  33   1              {
  34   2                      tim -= last;
  35   2              }
  36   1              else
  37   1              {
  38   2                      tim += ((0xFFFFFFFFu - last) + 1);
  39   2              }
  40   1      
  41   1              return tim;
  42   1      }
  43          
  44          
  45          void Hal_SysTimerIsr()  interrupt       1
  46          {
  47   1              D_DRV_RELOAD_SYSTIME_CNT();
  48   1              halSysTimerOverflowCnt++;
  49   1      }
  50          
  51          
  52          #else
              static volatile uint16_t halSysTimerOverflowCnt = 0;
              
C51 COMPILER V9.00   HAL_TIMER                                                             06/29/2019 16:01:32 PAGE 2   

              static uint16_t Hal_GetSysOverflowCnt(void);
              
              
              
              void Hal_SysTimerInit(void)
              {
                      Drv_SysTimerInit();
              }
              
              static uint16_t Hal_GetSysOverflowCnt(void)
              {
                      uint16_t cnt = 0;
                      
                      D_DRV_DISABLE_SYSTIME_INT();
                      cnt = halSysTimerOverflowCnt;
                      D_DRV_ENABLE_SYSTIME_INT();
              
                      return cnt;
              }
              
              
              uint32_t Hal_GetCurSysTimerCnt(void)
              {
                      uint32_t calcCnt = 0;
                      uint16_t tOverflowCnt = 0;
                      uint16_t tTimerCnt = 0;
                      
                      D_DISABLE_INTERRUPT();
                      D_DRV_GET_SYSTIME_COUNT(tTimerCnt);     /* maybe overflow */
                      tOverflowCnt = Hal_GetSysOverflowCnt();
                      if (D_DRV_GET_SYSTIME_INT_FLAG())
                      {
                              D_DRV_GET_SYSTIME_COUNT(tTimerCnt);     
                              tOverflowCnt++;
                      }
                      calcCnt = tTimerCnt;
                      calcCnt |= (((uint32_t)tOverflowCnt) << 16);
                      
                      D_ENABLE_INTERRUPT();
              
                      return calcCnt;
              }
              
              uint32_t Hal_DiffTimerCnt(uint32_t last)
              {
                      uint32_t tim = 0;
              
                      tim = Hal_GetCurSysTimerCnt();
                      if (tim >= last)
                      {
                              tim -= last;
                      }
                      else
                      {
                              tim += ((0xFFFFFFFFu - last) + 1);
                      }
              
                      return tim;
              }
              
              void Hal_SysTimerIsr()  interrupt       1
              {
C51 COMPILER V9.00   HAL_TIMER                                                             06/29/2019 16:01:32 PAGE 3   

                      D_DRV_RELOAD_SYSTIME_CNT();
                      halSysTimerOverflowCnt++;
              }
              
              #endif
 122          


MODULE INFORMATION:   STATIC OVERLAYABLE
   CODE SIZE        =    235    ----
   CONSTANT SIZE    =   ----    ----
   XDATA SIZE       =   ----    ----
   PDATA SIZE       =   ----    ----
   DATA SIZE        =      4      12
   IDATA SIZE       =   ----    ----
   BIT SIZE         =   ----    ----
END OF MODULE INFORMATION.


C51 COMPILATION COMPLETE.  0 WARNING(S),  0 ERROR(S)
